<?xml version="1.0" encoding="utf-8"?><testsuites name="pytest tests"><testsuite name="pytest" errors="0" failures="8" skipped="0" tests="75" time="7.353" timestamp="2025-12-19T19:16:16.711153+01:00" hostname="NEGGAN"><testcase classname="tests.unit.api_gateway.test_api_gateway.TestHealthEndpoints" name="test_health_check" time="0.089"><failure message="assert 404 == 200&#10; +  where 404 = &lt;Response [404 Not Found]&gt;.status_code">tests\unit\api_gateway\test_api_gateway.py:30: in test_health_check
    assert response.status_code == 200
E   assert 404 == 200
E    +  where 404 = &lt;Response [404 Not Found]&gt;.status_code</failure></testcase><testcase classname="tests.unit.api_gateway.test_api_gateway.TestHealthEndpoints" name="test_services_health" time="0.041"><failure message="assert 404 in [200, 503]&#10; +  where 404 = &lt;Response [404 Not Found]&gt;.status_code">tests\unit\api_gateway\test_api_gateway.py:44: in test_services_health
    assert response.status_code in [200, 503]
E   assert 404 in [200, 503]
E    +  where 404 = &lt;Response [404 Not Found]&gt;.status_code</failure></testcase><testcase classname="tests.unit.api_gateway.test_api_gateway.TestDocumentRoutes" name="test_get_documents_unauthorized" time="0.020"><failure message="assert 404 in [200, 401, 500]&#10; +  where 404 = &lt;Response [404 Not Found]&gt;.status_code">tests\unit\api_gateway\test_api_gateway.py:54: in test_get_documents_unauthorized
    assert response.status_code in [200, 401, 500]
E   assert 404 in [200, 401, 500]
E    +  where 404 = &lt;Response [404 Not Found]&gt;.status_code</failure></testcase><testcase classname="tests.unit.api_gateway.test_api_gateway.TestDocumentRoutes" name="test_upload_document_no_file" time="0.011"><failure message="assert 404 in [400, 422, 500]&#10; +  where 404 = &lt;Response [404 Not Found]&gt;.status_code">tests\unit\api_gateway\test_api_gateway.py:59: in test_upload_document_no_file
    assert response.status_code in [400, 422, 500]
E   assert 404 in [400, 422, 500]
E    +  where 404 = &lt;Response [404 Not Found]&gt;.status_code</failure></testcase><testcase classname="tests.unit.api_gateway.test_api_gateway.TestProxyRoutes" name="test_invalid_route" time="0.017" /><testcase classname="tests.unit.api_gateway.test_api_gateway.TestCORSHeaders" name="test_cors_preflight" time="0.019"><failure message="assert 404 in [200, 204, 405]&#10; +  where 404 = &lt;Response [404 Not Found]&gt;.status_code">tests\unit\api_gateway\test_api_gateway.py:83: in test_cors_preflight
    assert response.status_code in [200, 204, 405]
E   assert 404 in [200, 204, 405]
E    +  where 404 = &lt;Response [404 Not Found]&gt;.status_code</failure></testcase><testcase classname="tests.unit.deid_service.test_deid_service.TestAnonymization" name="test_anonymize_name" time="0.004" /><testcase classname="tests.unit.deid_service.test_deid_service.TestAnonymization" name="test_anonymize_phone" time="0.004" /><testcase classname="tests.unit.deid_service.test_deid_service.TestAnonymization" name="test_anonymize_email" time="0.004" /><testcase classname="tests.unit.deid_service.test_deid_service.TestAnonymization" name="test_anonymize_date" time="0.010" /><testcase classname="tests.unit.deid_service.test_deid_service.TestAnonymization" name="test_anonymize_ssn" time="0.008" /><testcase classname="tests.unit.deid_service.test_deid_service.TestMappingTable" name="test_create_mapping" time="0.005" /><testcase classname="tests.unit.deid_service.test_deid_service.TestMappingTable" name="test_reverse_mapping" time="0.003" /><testcase classname="tests.unit.deid_service.test_deid_service.TestMappingTable" name="test_mapping_consistency" time="0.004" /><testcase classname="tests.unit.deid_service.test_deid_service.TestEntityDetection" name="test_detect_person_name" time="0.007" /><testcase classname="tests.unit.deid_service.test_deid_service.TestEntityDetection" name="test_detect_address" time="0.013" /><testcase classname="tests.unit.deid_service.test_deid_service.TestEntityDetection" name="test_detect_medical_id" time="0.006" /><testcase classname="tests.unit.deid_service.test_deid_service.TestAnonymizationQuality" name="test_no_data_loss" time="0.003" /><testcase classname="tests.unit.deid_service.test_deid_service.TestAnonymizationQuality" name="test_preserve_structure" time="0.009" /><testcase classname="tests.unit.doc_ingestor.test_doc_ingestor.TestDocumentUpload" name="test_validate_file_extension_pdf" time="0.002" /><testcase classname="tests.unit.doc_ingestor.test_doc_ingestor.TestDocumentUpload" name="test_validate_file_extension_invalid" time="0.003" /><testcase classname="tests.unit.doc_ingestor.test_doc_ingestor.TestDocumentUpload" name="test_generate_document_id" time="0.005" /><testcase classname="tests.unit.doc_ingestor.test_doc_ingestor.TestTextExtraction" name="test_extract_text_from_txt" time="0.002" /><testcase classname="tests.unit.doc_ingestor.test_doc_ingestor.TestTextExtraction" name="test_extract_text_empty_file" time="0.002" /><testcase classname="tests.unit.doc_ingestor.test_doc_ingestor.TestTextExtraction" name="test_extract_text_from_pdf" time="0.211" /><testcase classname="tests.unit.doc_ingestor.test_doc_ingestor.TestDocumentStorage" name="test_document_path_generation" time="0.002" /><testcase classname="tests.unit.doc_ingestor.test_doc_ingestor.TestDocumentStorage" name="test_metadata_structure" time="0.003" /><testcase classname="tests.unit.doc_ingestor.test_doc_ingestor.TestDocumentValidation" name="test_file_size_limit" time="0.003" /><testcase classname="tests.unit.doc_ingestor.test_doc_ingestor.TestDocumentValidation" name="test_file_size_exceeded" time="0.003" /><testcase classname="tests.unit.doc_ingestor.test_doc_ingestor.TestDocumentValidation" name="test_patient_id_format" time="0.008" /><testcase classname="tests.unit.indexeur_semantique.test_indexeur.TestEmbeddingGeneration" name="test_embedding_dimension" time="0.006" /><testcase classname="tests.unit.indexeur_semantique.test_indexeur.TestEmbeddingGeneration" name="test_embedding_normalization" time="0.004" /><testcase classname="tests.unit.indexeur_semantique.test_indexeur.TestEmbeddingGeneration" name="test_embedding_consistency" time="0.002" /><testcase classname="tests.unit.indexeur_semantique.test_indexeur.TestVectorSearch" name="test_cosine_similarity" time="0.003" /><testcase classname="tests.unit.indexeur_semantique.test_indexeur.TestVectorSearch" name="test_cosine_similarity_orthogonal" time="0.003" /><testcase classname="tests.unit.indexeur_semantique.test_indexeur.TestVectorSearch" name="test_top_k_results" time="0.003" /><testcase classname="tests.unit.indexeur_semantique.test_indexeur.TestChromaDBOperations" name="test_create_collection" time="0.009"><failure message="ModuleNotFoundError: No module named 'chromadb'">C:\Program Files\Python310\lib\unittest\mock.py:1376: in patched
    with self.decoration_helper(patched,
C:\Program Files\Python310\lib\contextlib.py:135: in __enter__
    return next(self.gen)
C:\Program Files\Python310\lib\unittest\mock.py:1358: in decoration_helper
    arg = exit_stack.enter_context(patching)
C:\Program Files\Python310\lib\contextlib.py:492: in enter_context
    result = _cm_type.__enter__(cm)
C:\Program Files\Python310\lib\unittest\mock.py:1431: in __enter__
    self.target = self.getter()
C:\Program Files\Python310\lib\unittest\mock.py:1618: in &lt;lambda&gt;
    getter = lambda: _importer(target)
C:\Program Files\Python310\lib\unittest\mock.py:1257: in _importer
    thing = __import__(import_path)
E   ModuleNotFoundError: No module named 'chromadb'</failure></testcase><testcase classname="tests.unit.indexeur_semantique.test_indexeur.TestChromaDBOperations" name="test_add_document" time="0.041"><failure message="ModuleNotFoundError: No module named 'chromadb'">C:\Program Files\Python310\lib\unittest\mock.py:1376: in patched
    with self.decoration_helper(patched,
C:\Program Files\Python310\lib\contextlib.py:135: in __enter__
    return next(self.gen)
C:\Program Files\Python310\lib\unittest\mock.py:1358: in decoration_helper
    arg = exit_stack.enter_context(patching)
C:\Program Files\Python310\lib\contextlib.py:492: in enter_context
    result = _cm_type.__enter__(cm)
C:\Program Files\Python310\lib\unittest\mock.py:1431: in __enter__
    self.target = self.getter()
C:\Program Files\Python310\lib\unittest\mock.py:1618: in &lt;lambda&gt;
    getter = lambda: _importer(target)
C:\Program Files\Python310\lib\unittest\mock.py:1257: in _importer
    thing = __import__(import_path)
E   ModuleNotFoundError: No module named 'chromadb'</failure></testcase><testcase classname="tests.unit.indexeur_semantique.test_indexeur.TestChromaDBOperations" name="test_query_documents" time="0.006"><failure message="ModuleNotFoundError: No module named 'chromadb'">C:\Program Files\Python310\lib\unittest\mock.py:1376: in patched
    with self.decoration_helper(patched,
C:\Program Files\Python310\lib\contextlib.py:135: in __enter__
    return next(self.gen)
C:\Program Files\Python310\lib\unittest\mock.py:1358: in decoration_helper
    arg = exit_stack.enter_context(patching)
C:\Program Files\Python310\lib\contextlib.py:492: in enter_context
    result = _cm_type.__enter__(cm)
C:\Program Files\Python310\lib\unittest\mock.py:1431: in __enter__
    self.target = self.getter()
C:\Program Files\Python310\lib\unittest\mock.py:1618: in &lt;lambda&gt;
    getter = lambda: _importer(target)
C:\Program Files\Python310\lib\unittest\mock.py:1257: in _importer
    thing = __import__(import_path)
E   ModuleNotFoundError: No module named 'chromadb'</failure></testcase><testcase classname="tests.unit.indexeur_semantique.test_indexeur.TestDocumentChunking" name="test_chunk_document" time="0.003" /><testcase classname="tests.unit.indexeur_semantique.test_indexeur.TestDocumentChunking" name="test_chunk_overlap" time="0.002" /><testcase classname="tests.unit.indexeur_semantique.test_indexeur.TestIndexingPipeline" name="test_document_id_uniqueness" time="0.005" /><testcase classname="tests.unit.indexeur_semantique.test_indexeur.TestIndexingPipeline" name="test_metadata_structure" time="0.006" /><testcase classname="tests.unit.llm_qa_module.test_llm_qa.TestQuestionProcessing" name="test_question_validation_empty" time="0.003" /><testcase classname="tests.unit.llm_qa_module.test_llm_qa.TestQuestionProcessing" name="test_question_validation_valid" time="0.002" /><testcase classname="tests.unit.llm_qa_module.test_llm_qa.TestQuestionProcessing" name="test_question_normalization" time="0.004" /><testcase classname="tests.unit.llm_qa_module.test_llm_qa.TestQuestionProcessing" name="test_question_language_detection" time="0.007" /><testcase classname="tests.unit.llm_qa_module.test_llm_qa.TestContextRetrieval" name="test_context_ranking" time="0.003" /><testcase classname="tests.unit.llm_qa_module.test_llm_qa.TestContextRetrieval" name="test_context_max_length" time="0.003" /><testcase classname="tests.unit.llm_qa_module.test_llm_qa.TestContextRetrieval" name="test_context_combination" time="0.006" /><testcase classname="tests.unit.llm_qa_module.test_llm_qa.TestPromptGeneration" name="test_prompt_template" time="0.008" /><testcase classname="tests.unit.llm_qa_module.test_llm_qa.TestPromptGeneration" name="test_prompt_max_length" time="0.003" /><testcase classname="tests.unit.llm_qa_module.test_llm_qa.TestLLMIntegration" name="test_ollama_api_call" time="0.015" /><testcase classname="tests.unit.llm_qa_module.test_llm_qa.TestLLMIntegration" name="test_response_parsing" time="0.005" /><testcase classname="tests.unit.llm_qa_module.test_llm_qa.TestSourceExtraction" name="test_source_formatting" time="0.002" /><testcase classname="tests.unit.llm_qa_module.test_llm_qa.TestSourceExtraction" name="test_deduplicate_sources" time="0.003" /><testcase classname="tests.unit.llm_qa_module.test_llm_qa.TestResponseQuality" name="test_response_not_empty" time="0.002" /><testcase classname="tests.unit.llm_qa_module.test_llm_qa.TestResponseQuality" name="test_response_relevance" time="0.003" /><testcase classname="tests.unit.llm_qa_module.test_llm_qa.TestResponseQuality" name="test_response_format" time="0.004" /><testcase classname="tests.unit.synthese_comparative.test_synthese.TestSynthesisGeneration" name="test_single_document_synthesis" time="0.003" /><testcase classname="tests.unit.synthese_comparative.test_synthese.TestSynthesisGeneration" name="test_multi_document_synthesis" time="0.003" /><testcase classname="tests.unit.synthese_comparative.test_synthese.TestSynthesisGeneration" name="test_synthesis_structure" time="0.004" /><testcase classname="tests.unit.synthese_comparative.test_synthese.TestDocumentComparison" name="test_find_common_elements" time="0.002" /><testcase classname="tests.unit.synthese_comparative.test_synthese.TestDocumentComparison" name="test_find_differences" time="0.002" /><testcase classname="tests.unit.synthese_comparative.test_synthese.TestDocumentComparison" name="test_temporal_comparison" time="0.002" /><testcase classname="tests.unit.synthese_comparative.test_synthese.TestKeyPointsExtraction" name="test_extract_diagnosis" time="0.003" /><testcase classname="tests.unit.synthese_comparative.test_synthese.TestKeyPointsExtraction" name="test_extract_treatment" time="0.003" /><testcase classname="tests.unit.synthese_comparative.test_synthese.TestKeyPointsExtraction" name="test_extract_recommendations" time="0.003" /><testcase classname="tests.unit.synthese_comparative.test_synthese.TestPatientComparison" name="test_compare_two_patients" time="0.004" /><testcase classname="tests.unit.synthese_comparative.test_synthese.TestPatientComparison" name="test_aggregate_statistics" time="0.002" /><testcase classname="tests.unit.synthese_comparative.test_synthese.TestPDFGeneration" name="test_html_to_pdf_structure" time="0.002" /><testcase classname="tests.unit.synthese_comparative.test_synthese.TestPDFGeneration" name="test_synthesis_metadata" time="0.002" /><testcase classname="tests.unit.synthese_comparative.test_synthese.TestSynthesisOptions" name="test_synthesis_type_summary" time="0.002" /><testcase classname="tests.unit.synthese_comparative.test_synthese.TestSynthesisOptions" name="test_synthesis_type_comparison" time="0.002" /><testcase classname="tests.unit.synthese_comparative.test_synthese.TestSynthesisOptions" name="test_synthesis_type_timeline" time="0.003" /></testsuite></testsuites>